
Allocating common symbols
Common symbol       size              file

int_handlers        0x400             cpu/isr.o
idt                 0x800             cpu/idt.o
super_block         0x10              kernel/shell.o
kbd_state           0x1               drivers/keyboard.o
idt_reg             0x6               cpu/idt.o

Memory Configuration

Name             Origin             Length             Attributes
*default*        0x0000000000000000 0xffffffffffffffff

Linker script and memory map

Address of section .text set to 0x8000
LOAD boot/kernel_entry.o
LOAD kernel/kernel.o
LOAD cpu/interrupt.o
LOAD kernel/shell.o
LOAD drivers/ata.o
LOAD drivers/keyboard.o
LOAD drivers/screen.o
LOAD cpu/idt.o
LOAD cpu/isr.o
LOAD cpu/ports.o
LOAD cpu/timer.o
LOAD libc/file.o
LOAD libc/mem.o
LOAD libc/stdio.o
LOAD libc/string.o
LOAD libc/util.o
LOAD fs/sfs.o
                [!provide]                        PROVIDE (__executable_start = SEGMENT_START ("text-segment", 0x8048000))
                0x0000000008048000                . = (SEGMENT_START ("text-segment", 0x8048000) + SIZEOF_HEADERS)

.interp
 *(.interp)

.note.gnu.build-id
 *(.note.gnu.build-id)

.hash
 *(.hash)

.gnu.hash
 *(.gnu.hash)

.dynsym
 *(.dynsym)

.dynstr
 *(.dynstr)

.gnu.version
 *(.gnu.version)

.gnu.version_d
 *(.gnu.version_d)

.gnu.version_r
 *(.gnu.version_r)

.rel.dyn
 *(.rel.init)
 *(.rel.text .rel.text.* .rel.gnu.linkonce.t.*)
 *(.rel.fini)
 *(.rel.rodata .rel.rodata.* .rel.gnu.linkonce.r.*)
 *(.rel.data.rel.ro .rel.data.rel.ro.* .rel.gnu.linkonce.d.rel.ro.*)
 *(.rel.data .rel.data.* .rel.gnu.linkonce.d.*)
 *(.rel.tdata .rel.tdata.* .rel.gnu.linkonce.td.*)
 *(.rel.tbss .rel.tbss.* .rel.gnu.linkonce.tb.*)
 *(.rel.ctors)
 *(.rel.dtors)
 *(.rel.got)
 *(.rel.bss .rel.bss.* .rel.gnu.linkonce.b.*)
 *(.rel.ifunc)

.rel.plt        0x0000000008048000        0x0
 *(.rel.plt)
                [!provide]                        PROVIDE (__rel_iplt_start = .)
 *(.rel.iplt)
                [!provide]                        PROVIDE (__rel_iplt_end = .)

.init
 *(SORT_NONE(.init))

.plt
 *(.plt)
 *(.iplt)

.plt.got
 *(.plt.got)

.plt.sec
 *(.plt.sec)

.text           0x0000000000008000     0x2a5a
 *(.text.unlikely .text.*_unlikely .text.unlikely.*)
 *(.text.exit .text.exit.*)
 *(.text.startup .text.startup.*)
 *(.text.hot .text.hot.*)
 *(.text .stub .text.* .gnu.linkonce.t.*)
 .text          0x0000000000008000        0x7 boot/kernel_entry.o
                0x0000000000008000                _start
 .text          0x0000000000008007       0xa4 kernel/kernel.o
                0x0000000000008007                kmain
 *fill*         0x00000000000080ab        0x5 
 .text          0x00000000000080b0      0x1da cpu/interrupt.o
                0x00000000000080fe                isr0
                0x0000000000008104                isr1
                0x000000000000810a                isr2
                0x0000000000008110                isr3
                0x0000000000008116                isr4
                0x000000000000811c                isr5
                0x0000000000008122                isr6
                0x0000000000008128                isr7
                0x000000000000812e                isr8
                0x0000000000008135                isr9
                0x000000000000813e                isr10
                0x0000000000008145                isr11
                0x000000000000814c                isr12
                0x0000000000008153                isr13
                0x000000000000815a                isr14
                0x0000000000008161                isr15
                0x000000000000816a                isr16
                0x0000000000008173                isr17
                0x000000000000817c                isr18
                0x0000000000008185                isr19
                0x000000000000818e                isr20
                0x0000000000008197                isr21
                0x00000000000081a0                isr22
                0x00000000000081a9                isr23
                0x00000000000081b2                isr24
                0x00000000000081bb                isr25
                0x00000000000081c4                isr26
                0x00000000000081cd                isr27
                0x00000000000081d6                isr28
                0x00000000000081df                isr29
                0x00000000000081e8                isr30
                0x00000000000081f1                isr31
                0x00000000000081fa                irq0
                0x0000000000008203                irq1
                0x000000000000820c                irq2
                0x0000000000008215                irq3
                0x000000000000821e                irq4
                0x0000000000008227                irq5
                0x0000000000008230                irq6
                0x0000000000008239                irq7
                0x0000000000008242                irq8
                0x000000000000824b                irq9
                0x0000000000008254                irq10
                0x000000000000825d                irq11
                0x0000000000008266                irq12
                0x000000000000826f                irq13
                0x0000000000008278                irq14
                0x0000000000008281                irq15
 .text          0x000000000000828a      0x63c kernel/shell.o
                0x000000000000828a                shell_run
                0x00000000000082b9                shell_exec
 .text          0x00000000000088c6      0x76b drivers/ata.o
                0x00000000000088d2                ata_init
                0x0000000000008adc                ata_scan_drives
                0x0000000000008b9d                ata_clear_buffer
                0x0000000000008bbd                ata_drive_select
                0x0000000000008c8c                ata_pio28
                0x0000000000008f09                ata_flush
                0x0000000000008fc6                ata_read_sector
                0x0000000000008ff9                ata_write_sector
 .text          0x0000000000009031      0x1a9 drivers/keyboard.o
                0x00000000000091bf                init_keyboard
 .text          0x00000000000091da      0x456 drivers/screen.o
                0x00000000000091da                kprint_at
                0x000000000000928d                kprint
                0x00000000000092a8                kprint_backspace
                0x00000000000092f0                clear_screen
 .text          0x0000000000009630       0x69 cpu/idt.o
                0x0000000000009630                set_idt_gate
                0x0000000000009678                set_idt
 .text          0x0000000000009699      0x559 cpu/isr.o
                0x0000000000009699                isr_install
                0x0000000000009adc                isr_handler
                0x0000000000009b55                register_int_hdlr
                0x0000000000009b72                irq_handler
                0x0000000000009bd6                irq_install
 .text          0x0000000000009bf2       0x77 cpu/ports.o
                0x0000000000009bf2                port_r8
                0x0000000000009c0d                port_w8
                0x0000000000009c2c                port_r16
                0x0000000000009c4a                port_w16
 .text          0x0000000000009c69       0x88 cpu/timer.o
                0x0000000000009c7a                timer_get_ticks
                0x0000000000009c84                init_timer
 .text          0x0000000000009cf1       0x3e libc/file.o
                0x0000000000009cf1                read_file
                0x0000000000009d10                write_file
 .text          0x0000000000009d2f      0x10e libc/mem.o
                0x0000000000009d2f                mem_cpy
                0x0000000000009d61                mem_set
                0x0000000000009dd4                kmalloc
                0x0000000000009e15                free
 .text          0x0000000000009e3d       0x71 libc/stdio.o
                0x0000000000009e3d                copy_to_stdin
                0x0000000000009e63                gets
 .text          0x0000000000009eae      0x380 libc/string.o
                0x0000000000009eae                int_to_ascii
                0x0000000000009f42                hex_to_ascii
                0x0000000000009fdb                ascii_to_int
                0x000000000000a04b                str_rev
                0x000000000000a0af                str_len
                0x000000000000a0d4                str_cmp
                0x000000000000a133                str_cmp_n
                0x000000000000a18d                str_cpy
                0x000000000000a1d1                append
                0x000000000000a209                backspace
 .text          0x000000000000a22e       0x5c libc/util.o
                0x000000000000a22e                delay
 .text          0x000000000000a28a      0x7d0 fs/sfs.o
                0x000000000000a3be                sfs_debug
                0x000000000000a5fd                sfs_format
                0x000000000000a6a0                sfs_mount
                0x000000000000a7ab                sfs_create
                0x000000000000a80f                sfs_remove
                0x000000000000a87b                sfs_stat
                0x000000000000a8b6                sfs_read
 *(.gnu.warning)

.fini
 *(SORT_NONE(.fini))
                [!provide]                        PROVIDE (__etext = .)
                [!provide]                        PROVIDE (_etext = .)
                [!provide]                        PROVIDE (etext = .)

.rodata         0x000000000000aa60      0x633
 *(.rodata .rodata.* .gnu.linkonce.r.*)
 .rodata        0x000000000000aa60       0x20 kernel/kernel.o
 .rodata        0x000000000000aa80      0x1b0 kernel/shell.o
 .rodata        0x000000000000ac30      0x10e drivers/ata.o
 *fill*         0x000000000000ad3e        0x2 
 .rodata        0x000000000000ad40      0x123 drivers/keyboard.o
                0x000000000000ad40                sc_ascii
                0x000000000000ad80                sc_ascii_shift
 .rodata        0x000000000000ae63      0x153 cpu/isr.o
 *fill*         0x000000000000afb6        0x2 
 .rodata        0x000000000000afb8        0x8 libc/stdio.o
 .rodata        0x000000000000afc0        0x8 libc/util.o
 .rodata        0x000000000000afc8       0xcb fs/sfs.o

.rodata1
 *(.rodata1)

.eh_frame_hdr
 *(.eh_frame_hdr)
 *(.eh_frame_entry .eh_frame_entry.*)

.eh_frame       0x000000000000b094      0xa5c
 *(.eh_frame)
 .eh_frame      0x000000000000b094       0x38 kernel/kernel.o
 .eh_frame      0x000000000000b0cc       0x58 kernel/shell.o
 .eh_frame      0x000000000000b124      0x178 drivers/ata.o
 .eh_frame      0x000000000000b29c       0x58 drivers/keyboard.o
 .eh_frame      0x000000000000b2f4      0x15c drivers/screen.o
 .eh_frame      0x000000000000b450       0x58 cpu/idt.o
 .eh_frame      0x000000000000b4a8       0xb8 cpu/isr.o
 .eh_frame      0x000000000000b560       0x98 cpu/ports.o
 .eh_frame      0x000000000000b5f8       0x78 cpu/timer.o
 .eh_frame      0x000000000000b670       0x58 libc/file.o
 .eh_frame      0x000000000000b6c8       0xd8 libc/mem.o
 .eh_frame      0x000000000000b7a0       0x58 libc/stdio.o
 .eh_frame      0x000000000000b7f8      0x158 libc/string.o
 .eh_frame      0x000000000000b950       0x38 libc/util.o
 .eh_frame      0x000000000000b988      0x168 fs/sfs.o
 *(.eh_frame.*)

.gcc_except_table
 *(.gcc_except_table .gcc_except_table.*)

.gnu_extab
 *(.gnu_extab*)

.exception_ranges
 *(.exception_ranges*)
                0x000000000000c000                . = DATA_SEGMENT_ALIGN (CONSTANT (MAXPAGESIZE), CONSTANT (COMMONPAGESIZE))

.eh_frame
 *(.eh_frame)
 *(.eh_frame.*)

.gnu_extab
 *(.gnu_extab)

.gcc_except_table
 *(.gcc_except_table .gcc_except_table.*)

.exception_ranges
 *(.exception_ranges*)

.tdata          0x000000000000c000        0x0
                [!provide]                        PROVIDE (__tdata_start = .)
 *(.tdata .tdata.* .gnu.linkonce.td.*)

.tbss
 *(.tbss .tbss.* .gnu.linkonce.tb.*)
 *(.tcommon)

.preinit_array  0x000000000000c000        0x0
                [!provide]                        PROVIDE (__preinit_array_start = .)
 *(.preinit_array)
                [!provide]                        PROVIDE (__preinit_array_end = .)

.init_array     0x000000000000c000        0x0
                [!provide]                        PROVIDE (__init_array_start = .)
 *(SORT_BY_INIT_PRIORITY(.init_array.*) SORT_BY_INIT_PRIORITY(.ctors.*))
 *(.init_array EXCLUDE_FILE(*crtend?.o *crtend.o *crtbegin?.o *crtbegin.o) .ctors)
                [!provide]                        PROVIDE (__init_array_end = .)

.fini_array     0x000000000000c000        0x0
                [!provide]                        PROVIDE (__fini_array_start = .)
 *(SORT_BY_INIT_PRIORITY(.fini_array.*) SORT_BY_INIT_PRIORITY(.dtors.*))
 *(.fini_array EXCLUDE_FILE(*crtend?.o *crtend.o *crtbegin?.o *crtbegin.o) .dtors)
                [!provide]                        PROVIDE (__fini_array_end = .)

.ctors
 *crtbegin.o(.ctors)
 *crtbegin?.o(.ctors)
 *(EXCLUDE_FILE(*crtend?.o *crtend.o) .ctors)
 *(SORT_BY_NAME(.ctors.*))
 *(.ctors)

.dtors
 *crtbegin.o(.dtors)
 *crtbegin?.o(.dtors)
 *(EXCLUDE_FILE(*crtend?.o *crtend.o) .dtors)
 *(SORT_BY_NAME(.dtors.*))
 *(.dtors)

.jcr
 *(.jcr)

.data.rel.ro
 *(.data.rel.ro.local* .gnu.linkonce.d.rel.ro.local.*)
 *(.data.rel.ro .data.rel.ro.* .gnu.linkonce.d.rel.ro.*)

.dynamic
 *(.dynamic)

.got
 *(.got)
 *(.igot)
                0x000000000000c000                . = DATA_SEGMENT_RELRO_END (., (SIZEOF (.got.plt) >= 0xc)?0xc:0x0)

.got.plt        0x000000000000c000        0x0
 *(.got.plt)
 *(.igot.plt)

.data           0x000000000000c000      0x1e4
 *(.data .data.* .gnu.linkonce.d.*)
 .data          0x000000000000c000        0x0 kernel/kernel.o
 .data          0x000000000000c000       0x40 kernel/shell.o
 .data          0x000000000000c040        0x4 drivers/ata.o
 *fill*         0x000000000000c044       0x1c 
 .data          0x000000000000c060       0xe8 drivers/keyboard.o
                0x000000000000c060                sc_name
 .data          0x000000000000c148        0x0 drivers/screen.o
 .data          0x000000000000c148        0x0 cpu/idt.o
 *fill*         0x000000000000c148       0x18 
 .data          0x000000000000c160       0x80 cpu/isr.o
                0x000000000000c160                exception_msgs
 .data          0x000000000000c1e0        0x0 cpu/ports.o
 .data          0x000000000000c1e0        0x0 cpu/timer.o
 .data          0x000000000000c1e0        0x0 libc/file.o
 .data          0x000000000000c1e0        0x4 libc/mem.o
 .data          0x000000000000c1e4        0x0 libc/stdio.o
 .data          0x000000000000c1e4        0x0 libc/string.o
 .data          0x000000000000c1e4        0x0 libc/util.o
 .data          0x000000000000c1e4        0x0 fs/sfs.o

.data1
 *(.data1)
                0x000000000000c1e4                _edata = .
                [!provide]                        PROVIDE (edata = .)
                0x000000000000c1e4                . = .
                0x000000000000c1e4                __bss_start = .

.bss            0x000000000000c200     0x14c0
 *(.dynbss)
 *(.bss .bss.* .gnu.linkonce.b.*)
 .bss           0x000000000000c200        0x0 kernel/kernel.o
 .bss           0x000000000000c200        0x0 kernel/shell.o
 .bss           0x000000000000c200      0x230 drivers/ata.o
 *fill*         0x000000000000c430       0x10 
 .bss           0x000000000000c440      0x204 drivers/keyboard.o
 .bss           0x000000000000c644        0x0 drivers/screen.o
 .bss           0x000000000000c644        0x0 cpu/idt.o
 .bss           0x000000000000c644        0x0 cpu/isr.o
 .bss           0x000000000000c644        0x0 cpu/ports.o
 .bss           0x000000000000c644        0x4 cpu/timer.o
                0x000000000000c644                tick
 .bss           0x000000000000c648        0x0 libc/file.o
 .bss           0x000000000000c648        0x0 libc/mem.o
 *fill*         0x000000000000c648       0x18 
 .bss           0x000000000000c660      0x204 libc/stdio.o
 .bss           0x000000000000c864        0x0 libc/string.o
 .bss           0x000000000000c864        0x0 libc/util.o
 *fill*         0x000000000000c864       0x1c 
 .bss           0x000000000000c880      0x208 fs/sfs.o
 *(COMMON)
 COMMON         0x000000000000ca88       0x10 kernel/shell.o
                0x000000000000ca88                super_block
 COMMON         0x000000000000ca98        0x1 drivers/keyboard.o
                0x000000000000ca98                kbd_state
 *fill*         0x000000000000ca99        0x7 
 COMMON         0x000000000000caa0      0x806 cpu/idt.o
                0x000000000000caa0                idt
                0x000000000000d2a0                idt_reg
 *fill*         0x000000000000d2a6       0x1a 
 COMMON         0x000000000000d2c0      0x400 cpu/isr.o
                0x000000000000d2c0                int_handlers
                0x000000000000d6c0                . = ALIGN ((. != 0x0)?0x4:0x1)
                0x000000000000d6c0                . = ALIGN (0x4)
                0x000000000000d6c0                . = SEGMENT_START ("ldata-segment", .)
                0x000000000000d6c0                . = ALIGN (0x4)
                0x000000000000d6c0                _end = .
                [!provide]                        PROVIDE (end = .)
                0x000000000000d6c0                . = DATA_SEGMENT_END (.)

.stab
 *(.stab)

.stabstr
 *(.stabstr)

.stab.excl
 *(.stab.excl)

.stab.exclstr
 *(.stab.exclstr)

.stab.index
 *(.stab.index)

.stab.indexstr
 *(.stab.indexstr)

.comment        0x0000000000000000      0x10e
 *(.comment)
 .comment       0x0000000000000000       0x12 kernel/kernel.o
 .comment       0x0000000000000012       0x12 kernel/shell.o
 .comment       0x0000000000000024       0x12 drivers/ata.o
 .comment       0x0000000000000036       0x12 drivers/keyboard.o
 .comment       0x0000000000000048       0x12 drivers/screen.o
 .comment       0x000000000000005a       0x12 cpu/idt.o
 .comment       0x000000000000006c       0x12 cpu/isr.o
 .comment       0x000000000000007e       0x12 cpu/ports.o
 .comment       0x0000000000000090       0x12 cpu/timer.o
 .comment       0x00000000000000a2       0x12 libc/file.o
 .comment       0x00000000000000b4       0x12 libc/mem.o
 .comment       0x00000000000000c6       0x12 libc/stdio.o
 .comment       0x00000000000000d8       0x12 libc/string.o
 .comment       0x00000000000000ea       0x12 libc/util.o
 .comment       0x00000000000000fc       0x12 fs/sfs.o

.gnu.build.attributes
 *(.gnu.build.attributes .gnu.build.attributes.*)

.debug
 *(.debug)

.line
 *(.line)

.debug_srcinfo
 *(.debug_srcinfo)

.debug_sfnames
 *(.debug_sfnames)

.debug_aranges  0x0000000000000000      0x1e0
 *(.debug_aranges)
 .debug_aranges
                0x0000000000000000       0x20 kernel/kernel.o
 .debug_aranges
                0x0000000000000020       0x20 kernel/shell.o
 .debug_aranges
                0x0000000000000040       0x20 drivers/ata.o
 .debug_aranges
                0x0000000000000060       0x20 drivers/keyboard.o
 .debug_aranges
                0x0000000000000080       0x20 drivers/screen.o
 .debug_aranges
                0x00000000000000a0       0x20 cpu/idt.o
 .debug_aranges
                0x00000000000000c0       0x20 cpu/isr.o
 .debug_aranges
                0x00000000000000e0       0x20 cpu/ports.o
 .debug_aranges
                0x0000000000000100       0x20 cpu/timer.o
 .debug_aranges
                0x0000000000000120       0x20 libc/file.o
 .debug_aranges
                0x0000000000000140       0x20 libc/mem.o
 .debug_aranges
                0x0000000000000160       0x20 libc/stdio.o
 .debug_aranges
                0x0000000000000180       0x20 libc/string.o
 .debug_aranges
                0x00000000000001a0       0x20 libc/util.o
 .debug_aranges
                0x00000000000001c0       0x20 fs/sfs.o

.debug_pubnames
 *(.debug_pubnames)

.debug_info     0x0000000000000000     0x24ef
 *(.debug_info .gnu.linkonce.wi.*)
 .debug_info    0x0000000000000000       0xa4 kernel/kernel.o
 .debug_info    0x00000000000000a4      0x30c kernel/shell.o
 .debug_info    0x00000000000003b0      0x4a5 drivers/ata.o
 .debug_info    0x0000000000000855      0x32a drivers/keyboard.o
 .debug_info    0x0000000000000b7f      0x310 drivers/screen.o
 .debug_info    0x0000000000000e8f      0x18c cpu/idt.o
 .debug_info    0x000000000000101b      0x41e cpu/isr.o
 .debug_info    0x0000000000001439      0x10c cpu/ports.o
 .debug_info    0x0000000000001545      0x20f cpu/timer.o
 .debug_info    0x0000000000001754       0xf1 libc/file.o
 .debug_info    0x0000000000001845      0x21a libc/mem.o
 .debug_info    0x0000000000001a5f       0xfb libc/stdio.o
 .debug_info    0x0000000000001b5a      0x34c libc/string.o
 .debug_info    0x0000000000001ea6       0xc3 libc/util.o
 .debug_info    0x0000000000001f69      0x586 fs/sfs.o

.debug_abbrev   0x0000000000000000      0xf1e
 *(.debug_abbrev)
 .debug_abbrev  0x0000000000000000       0x5e kernel/kernel.o
 .debug_abbrev  0x000000000000005e      0x10d kernel/shell.o
 .debug_abbrev  0x000000000000016b      0x1b3 drivers/ata.o
 .debug_abbrev  0x000000000000031e      0x145 drivers/keyboard.o
 .debug_abbrev  0x0000000000000463      0x143 drivers/screen.o
 .debug_abbrev  0x00000000000005a6       0xe5 cpu/idt.o
 .debug_abbrev  0x000000000000068b      0x176 cpu/isr.o
 .debug_abbrev  0x0000000000000801       0x97 cpu/ports.o
 .debug_abbrev  0x0000000000000898      0x10e cpu/timer.o
 .debug_abbrev  0x00000000000009a6       0x8d libc/file.o
 .debug_abbrev  0x0000000000000a33      0x121 libc/mem.o
 .debug_abbrev  0x0000000000000b54       0xb5 libc/stdio.o
 .debug_abbrev  0x0000000000000c09       0xd2 libc/string.o
 .debug_abbrev  0x0000000000000cdb       0x77 libc/util.o
 .debug_abbrev  0x0000000000000d52      0x1cc fs/sfs.o

.debug_line     0x0000000000000000     0x16e4
 *(.debug_line .debug_line.* .debug_line_end)
 .debug_line    0x0000000000000000       0x6f kernel/kernel.o
 .debug_line    0x000000000000006f      0x294 kernel/shell.o
 .debug_line    0x0000000000000303      0x3f8 drivers/ata.o
 .debug_line    0x00000000000006fb      0x15d drivers/keyboard.o
 .debug_line    0x0000000000000858      0x22e drivers/screen.o
 .debug_line    0x0000000000000a86       0xb1 cpu/idt.o
 .debug_line    0x0000000000000b37      0x174 cpu/isr.o
 .debug_line    0x0000000000000cab       0x5e cpu/ports.o
 .debug_line    0x0000000000000d09       0xb5 cpu/timer.o
 .debug_line    0x0000000000000dbe       0x97 libc/file.o
 .debug_line    0x0000000000000e55      0x157 libc/mem.o
 .debug_line    0x0000000000000fac       0x62 libc/stdio.o
 .debug_line    0x000000000000100e      0x2c2 libc/string.o
 .debug_line    0x00000000000012d0       0xac libc/util.o
 .debug_line    0x000000000000137c      0x368 fs/sfs.o

.debug_frame
 *(.debug_frame)

.debug_str      0x0000000000000000     0x193c
 *(.debug_str)
 .debug_str     0x0000000000000000      0x12d kernel/kernel.o
 .debug_str     0x000000000000012d      0x1b2 kernel/shell.o
 .debug_str     0x00000000000002df      0x2fd drivers/ata.o
 .debug_str     0x00000000000005dc      0x20e drivers/keyboard.o
 .debug_str     0x00000000000007ea      0x1d0 drivers/screen.o
 .debug_str     0x00000000000009ba      0x195 cpu/idt.o
 .debug_str     0x0000000000000b4f      0x26d cpu/isr.o
 .debug_str     0x0000000000000dbc       0xd6 cpu/ports.o
 .debug_str     0x0000000000000e92      0x192 cpu/timer.o
 .debug_str     0x0000000000001024      0x126 libc/file.o
 .debug_str     0x000000000000114a      0x17c libc/mem.o
 .debug_str     0x00000000000012c6      0x142 libc/stdio.o
 .debug_str     0x0000000000001408      0x18e libc/string.o
 .debug_str     0x0000000000001596      0x126 libc/util.o
 .debug_str     0x00000000000016bc      0x280 fs/sfs.o

.debug_loc
 *(.debug_loc)

.debug_macinfo
 *(.debug_macinfo)

.debug_weaknames
 *(.debug_weaknames)

.debug_funcnames
 *(.debug_funcnames)

.debug_typenames
 *(.debug_typenames)

.debug_varnames
 *(.debug_varnames)

.debug_pubtypes
 *(.debug_pubtypes)

.debug_ranges
 *(.debug_ranges)

.debug_macro
 *(.debug_macro)

.debug_addr
 *(.debug_addr)

.gnu.attributes
 *(.gnu.attributes)

/DISCARD/
 *(.note.GNU-stack)
 *(.gnu_debuglink)
 *(.gnu.lto_*)
OUTPUT(kernel.bin binary)
